RAMspeed/SMP (Linux) v3.5.0 by Rhett M. Hollander and Paul V. Bolotoff, 2002-09

1Gb per pass mode, 2 processes

SSE & READING             1 Kb block: 48759.35 MB/s
SSE & READING             2 Kb block: 68665.64 MB/s
SSE & READING             4 Kb block: 69972.26 MB/s
SSE & READING             8 Kb block: 68915.75 MB/s
SSE & READING            16 Kb block: 68941.19 MB/s
SSE & READING            32 Kb block: 68857.19 MB/s
SSE & READING            64 Kb block: 69420.34 MB/s
SSE & READING           128 Kb block: 68452.24 MB/s
SSE & READING           256 Kb block: 69009.87 MB/s
SSE & READING           512 Kb block: 68715.08 MB/s
SSE & READING          1024 Kb block: 69411.37 MB/s
SSE & READING          2048 Kb block: 66321.30 MB/s
SSE & READING          4096 Kb block: 65508.01 MB/s
SSE & READING          8192 Kb block: 64256.48 MB/s
SSE & READING         16384 Kb block: 61924.61 MB/s
SSE & READING         32768 Kb block: 58070.70 MB/s
RAMspeed/SMP (Linux) v3.5.0 by Rhett M. Hollander and Paul V. Bolotoff, 2002-09

1Gb per pass mode, 2 processes

