RAMspeed (Linux) v2.6.0 by Rhett M. Hollander and Paul V. Bolotoff, 2002-09

1Gb per pass mode

SSE & WRITING             1 Kb block: 29943.44 MB/s
SSE & WRITING             2 Kb block: 33861.30 MB/s
SSE & WRITING             4 Kb block: 33917.99 MB/s
SSE & WRITING             8 Kb block: 33912.63 MB/s
SSE & WRITING            16 Kb block: 33924.42 MB/s
SSE & WRITING            32 Kb block: 33898.72 MB/s
SSE & WRITING            64 Kb block: 13698.13 MB/s
SSE & WRITING           128 Kb block: 13689.05 MB/s
SSE & WRITING           256 Kb block: 9439.41 MB/s
SSE & WRITING           512 Kb block: 6707.91 MB/s
SSE & WRITING          1024 Kb block: 3033.59 MB/s
SSE & WRITING          2048 Kb block: 2085.19 MB/s
SSE & WRITING          4096 Kb block: 2003.01 MB/s
SSE & WRITING          8192 Kb block: 1983.05 MB/s
SSE & WRITING         16384 Kb block: 1993.67 MB/s
SSE & WRITING         32768 Kb block: 1972.64 MB/s
